2026-06-21 19:01:15 - ============================================================
2026-06-21 19:01:15 - FOS-CAZAVI Resistance Detector Analysis Log
2026-06-21 19:01:15 - ============================================================
2026-06-21 19:01:15 - Date: 2026-06-21 19:01:15
2026-06-21 19:01:15 - Command: fos-cazavi fos-cazavi-all -a test_genomes/ecoli_multi_resistance.fasta -d fos_cazavi/data/example_database.fasta --genes fos_cazavi/data/example_database_deduplicated.fasta --mutations fos_cazavi/data/example_database_mutations.tsv --primers fos_cazavi/data/primers.tsv -o example_results/ecoli_multi
2026-06-21 19:01:15 - ------------------------------------------------------------
2026-06-21 19:01:15 - Parameters:
2026-06-21 19:01:15 -   command: fos-cazavi-all
2026-06-21 19:01:15 -   assembly: test_genomes/ecoli_multi_resistance.fasta
2026-06-21 19:01:15 -   output: example_results/ecoli_multi
2026-06-21 19:01:15 -   database: fos_cazavi/data/example_database.fasta
2026-06-21 19:01:15 -   mutations: fos_cazavi/data/example_database_mutations.tsv
2026-06-21 19:01:15 -   primers: fos_cazavi/data/primers.tsv
2026-06-21 19:01:15 -   genes: fos_cazavi/data/example_database_deduplicated.fasta
2026-06-21 19:01:15 -   min_id: 90.0
2026-06-21 19:01:15 -   min_cov: 80.0
2026-06-21 19:01:15 - ------------------------------------------------------------
2026-06-21 19:01:15 - External Tools:
2026-06-21 19:01:18 -   blastn: blastn: 2.12.0+
2026-06-21 19:01:19 -   GAMMA.py: Unknown
2026-06-21 19:01:20 -   seqkit: seqkit v2.8.2
2026-06-21 19:01:20 - ------------------------------------------------------------
